// Jest Snapshot v1, https://goo.gl/fbAQLP

exports[`details renders 1`] = `
<RCTSafeAreaView
  style={
    {
      "alignItems": "center",
      "flex": 1,
      "justifyContent": "center",
    }
  }
>
  {"canSave":true,"pokemonPromise":[{"height":0,"id":0,"name":"Mock Pokemon","species":{"name":"mock species","url":"www.example.org/species"},"sprites":{"front_default":"www.example.org/img.png"},"stats":[{"stat":{"name":"mock stat","url":"www.example.org/stat"},"effort":0,"base_stat":0}],"weight":0,"game_indices":[]}]}
</RCTSafeAreaView>
`;
